Γû▓ Next.js 16.2.4 (Turbopack)

  Creating an optimized production build ...
Γ£ô Compiled successfully in 10.8s
  Skipping validation of types
  Finished TypeScript config validation in 166ms ...
  Collecting page data using 5 workers ...
  Generating static pages using 5 workers (0/54) ...
  Generating static pages using 5 workers (13/54) 
  Generating static pages using 5 workers (26/54) 
  Generating static pages using 5 workers (40/54) 
Γ£ô Generating static pages using 5 workers (54/54) in 1687ms
  Finalizing page optimization ...

Route (app)
Γöî Γùï /
Γö£ Γùï /_not-found
Γö£ Γùï /absence
Γö£ Γùï /admin/logs
Γö£ Γùï /admin/roles
Γö£ Γùï /admin/settings
Γö£ Γùï /admin/users
Γö£ Γùï /analytics
Γö£ Γùï /announcements
Γö£ Γùï /appraisals
Γö£ Γùï /archive
Γö£ Γùï /change-password
Γö£ Γùï /contact
Γö£ Γùï /dashboard
Γö£ Γùï /departments
Γö£ ╞Æ /departments/[id]
Γö£ Γùï /departments/beds
Γö£ Γùï /departments/isolation
Γö£ Γùï /departments/patients
Γö£ Γùï /emergency
Γö£ Γùï /emergency/response
Γö£ Γùï /employees
Γö£ Γùï /equipment
Γö£ Γùï /ews
Γö£ Γùï /handover
Γö£ Γùï /incidents
Γö£ Γùï /inventory
Γö£ Γùï /leave-absence
Γö£ Γùï /login
Γö£ Γùï /maintenance
Γö£ Γùï /meals
Γö£ Γùï /messages
Γö£ Γùï /monthly-roster
Γö£ Γùï /notifications
Γö£ Γùï /payroll
Γö£ Γùï /pending-approval
Γö£ Γùï /policies
Γö£ Γùï /preferences
Γö£ Γùï /quality
Γö£ Γùï /reports
Γö£ ╞Æ /reports/[id]
Γö£ Γùï /reports/create
Γö£ Γùï /roster
Γö£ Γùï /staff
Γö£ Γùï /staff-portal
Γö£ ╞Æ /staff/[id]
Γö£ Γùï /staff/add
Γö£ Γùï /staff/attendance
Γö£ Γùï /staff/overtime
Γö£ Γùï /staff/performance
Γö£ Γùï /staff/schedule
Γö£ Γùï /tasks
Γö£ Γùï /training
Γö£ Γùï /vacations
Γö£ Γùï /vitals
Γöö Γùï /workflows


Γùï  (Static)   prerendered as static content
╞Æ  (Dynamic)  server-rendered on demand


node.exe : 
At line:1 char:73
+ ... e-v24.15.0-win-x64\node.exe"; & $nodePath .\run-build.js 2>&1 | Out-F ...
+                                   ~~~~~~~~~~~~~~~~~~~~~~~~~~~~~~~
    + CategoryInfo          : NotSpecified: (:String) [], RemoteException
    + FullyQualifiedErrorId : NativeCommandError
 
